[ewcis.in/index.html]
[backblue.gif]
[fade.gif]
[index.html]
[ewcis.in/images/logos/favicon.png]
[ewcis.in/css/bootstrap.min.css]
[ewcis.in/css/font-awesome.min.css]
[ewcis.in/css/animate.css]
[ewcis.in/css/magnific-popup.css]
[ewcis.in/css/owl.carousel.min.css]
[ewcis.in/css/isotop.css]
[ewcis.in/css/xsIcon.css]
[ewcis.in/css/style.css]
[ewcis.in/css/responsive.css]
[ewcis.in/index-2.html]
[ewcis.in/images/logos/amity-logo.png]
[ewcis.in/call-for-paper.html]
[ewcis.in/committee.html]
[ewcis.in/keynotes.html]
[ewcis.in/registration.html]
[ewcis.in/contact.html]
[ewcis.in/about-us.html]
[ewcis.in/info-delegates.html]
[ewcis.in/images/logos/slider-conference-logo.png]
[ewcis.in/images/hero_area/banner1.jpg]
[ewcis.in/images/sponsors/springer-logo.png]
[ewcis.in/images/sponsors/eds.png]
[ewcis.in/images/sponsors/indexedby.png]
[ewcis.in/images/hero_area/banner2.jpg]
[ewcis.in/images/hero_area/banner3.jpg]
[ewcis.in/images/hero_area/banner4.jpg]
[ewcis.in/download/Springer_Paper_Format_Doc.docx]
[ewcis.in/download/Springer Paper Format_TeX.zip]
[ewcis.in/download/copyright-form(ewcis2020).docx]
[ewcis.in/download/Registration_form.pdf]
[ewcis.in/images/logos/info.png]
[ewcis.in/images/shap/news_memphis2.png]
[ewcis.in/images/sponsors/Springer.png]
[ewcis.in/js/jquery.js]
[ewcis.in/js/popper.min.js]
[ewcis.in/js/bootstrap.min.js]
[ewcis.in/js/jquery.appear.min.js]
[ewcis.in/js/jquery.jCounter.js]
[ewcis.in/js/jquery.magnific-popup.min.js]
[ewcis.in/js/owl.carousel.min.js]
[ewcis.in/js/wow.min.js]
[ewcis.in/js/isotope.pkgd.min.js]
[ewcis.in/index.html]
[ewcis.in/css/bootstrap.min.css]
[ewcis.in/js/main.js]
[ewcis.in/fonts/fontawesome-webfont3e6e3e6e.eot]
[ewcis.in/fonts/fontawesome-webfontd41dd41d.eot]
[ewcis.in/fonts/fontawesome-webfont3e6e3e6e.woff2]
[ewcis.in/fonts/fontawesome-webfont3e6e3e6e.woff]
[ewcis.in/fonts/fontawesome-webfont3e6e3e6e.ttf]
[ewcis.in/css/font-awesome.min.css]
[ewcis.in/css/animate.css]
[ewcis.in/css/magnific-popup.css]
[ewcis.in/fonts/fontawesome-webfont3e6e3e6e.svg]
[ewcis.in/css/owl.carousel.min.css]
[ewcis.in/css/isotop.css]
[ewcis.in/css/owl.video.play.html]
[ewcis.in/fonts/iconfont39633963.ttf]
[ewcis.in/fonts/iconfont39633963.woff]
[ewcis.in/css/xsIcon.css]
[ewcis.in/images/shap/title-white.png]
[ewcis.in/fonts/iconfont39633963.svg]
[ewcis.in/images/hero_area/banner_slices2.png]
[ewcis.in/images/shap/title-red.png]
[ewcis.in/images/shap/cta_bg.png]
[ewcis.in/images/lines-2.png]
[ewcis.in/images/shap/subscribe_slice_left.png]
[ewcis.in/images/shap/subscribe_slice_right.png]
[ewcis.in/images/shap/funfact_wave.png]
[ewcis.in/css/style.css]
[ewcis.in/css/responsive.css]
[ewcis.in/index-2.html]
[ewcis.in/images/hero_area/banner_bg.jpg]
[ewcis.in/images/shap/home_schedule_memphis1.png]
[ewcis.in/call-for-paper.html]
[ewcis.in/committee.html]
[ewcis.in/keynotes.html]
[ewcis.in/images/shap/pricing_memphis1.png]
[ewcis.in/registration.html]
[ewcis.in/images/shap/home_schedule_memphis2.png]
[ewcis.in/contact.html]
[ewcis.in/about-us.html]
[ewcis.in/images/for-delegates/image001.png]
[ewcis.in/images/for-delegates/image003.png]
[ewcis.in/images/for-delegates/image005.png]
[ewcis.in/images/for-delegates/image007.png]
[ewcis.in/images/for-delegates/image011.png]
[ewcis.in/images/for-delegates/image015.png]
[ewcis.in/info-delegates.html]
[ewcis.in/fonts/fontawesome-webfont3e6e3e6e.svg]
[ewcis.in/css/owl.video.play.html]
[ewcis.in/fonts/iconfont39633963.svg]
